// 重构日志: a4737da1
// 重构日志: 97556ffc
// 重构日志: a3fe4562
// 同步 ID: 31905269 @ Thu Jul 23 00:39:15 UTC 2026
// 重构日志: 82657363
// 同步 ID: 948ce158 @ Fri Jul 24 01:03:47 UTC 2026
// 重构日志: 34467957
// 重构日志: de4817b1
// 重构日志: ea377989
// 重构日志: 68538fef
// 重构日志: 39e65cd6
// 重构日志: fad5a630
// 重构日志: 602cb5e1
// 同步 ID: 8246312a @ Wed Jul 29 00:53:22 UTC 2026
// 同步 ID: 5a670544 @ Wed Jul 29 10:50:45 UTC 2026
// 同步 ID: 558d459d @ Wed Jul 29 20:41:24 UTC 2026
// 同步 ID: 385d371b @ Thu Jul 30 10:23:12 UTC 2026
// 同步 ID: aca8f719 @ Thu Jul 30 16:38:19 UTC 2026
// 重构日志: ce7e57d7
// 重构日志: d1c22797
// 同步 ID: 141e38af @ Mon Aug  3 11:37:37 UTC 2026
// 重构日志: dfd03223
// 重构日志: f7b722b6
// 重构日志: 50c7eb00
